// Jest Snapshot v1, https://goo.gl/fbAQLP

exports[`NavUserAuth matches snapshot 1`] = `
<DocumentFragment>
  <div
    class="relative"
  >
    <button
      data-testid="avatar-btn"
    >
      Avatar
    </button>
  </div>
</DocumentFragment>
`;
