// Jest Snapshot v1, https://goo.gl/fbAQLP

exports[`UserAvatarButton should match snapshot with image 1`] = `
<DocumentFragment>
  <button
    class="btn btn-primary"
    type="button"
  >
    <img
      alt="User avatar"
      class="w-10 h-10 rounded-full border-2 border-gray-300 object-cover opacity-90 hover:opacity-100"
      src="image.png"
    />
  </button>
</DocumentFragment>
`;

exports[`UserAvatarButton should match snapshot with image 2`] = `
<DocumentFragment>
  <button
    class="
    flex
    px-2
    py-2
    text-sm
    rounded
    cursor-pointer
    transition-colors
    hover:shadow-md
    hover:bg-(--pokedex-red-dark)
    active:bg-white
    active:text-(--pokedex-red-dark)
   bg-transparent  btn btn-primary"
    type="button"
  >
    <svg
      aria-hidden="true"
      class="h-6 w-6 text-white"
      data-slot="icon"
      fill="currentColor"
      viewBox="0 0 24 24"
      xmlns="http://www.w3.org/2000/svg"
    >
      <path
        clip-rule="evenodd"
        d="M7.5 6a4.5 4.5 0 1 1 9 0 4.5 4.5 0 0 1-9 0ZM3.751 20.105a8.25 8.25 0 0 1 16.498 0 .75.75 0 0 1-.437.695A18.683 18.683 0 0 1 12 22.5c-2.786 0-5.433-.608-7.812-1.7a.75.75 0 0 1-.437-.695Z"
        fill-rule="evenodd"
      />
    </svg>
  </button>
</DocumentFragment>
`;
