// Jest Snapshot v1, https://goo.gl/fbAQLP

exports[`VersionInfo should match snapshot with no valid description 1`] = `
<DocumentFragment>
  <div
    class="text-xs text-white"
  >
    <div>
      v0.4.1
    </div>
  </div>
</DocumentFragment>
`;
